// Jest Snapshot v1, https://goo.gl/fbAQLP

exports[`<Box> renders 1`] = `
<div
  class=""
>
  Hello world
</div>
`;

exports[`<Box> renders with as prop 1`] = `
.c0 {
  margin: 8px;
}

<header
  class="c0"
>
  Hello world
</header>
`;

exports[`<Box> renders with props 1`] = `
.c0 {
  margin: 8px;
  padding-left: 4px;
  padding-right: 4px;
}

@media screen and (min-width:576px) {
  .c0 {
    padding-left: 8px;
    padding-right: 8px;
  }
}

@media screen and (min-width:768px) {
  .c0 {
    padding-left: 16px;
    padding-right: 16px;
  }
}

<div
  class="c0"
>
  Hello world
</div>
`;
